// Jest Snapshot v1, https://goo.gl/fbAQLP

exports[`Storyshots ebay-drawer-dialog Custom Focus 1`] = `
<button
  class="btn btn--secondary"
>
  Open Drawer
</button>
`;

exports[`Storyshots ebay-drawer-dialog Default 1`] = `
<button
  class="btn btn--secondary"
>
  Open Drawer
</button>
`;

exports[`Storyshots ebay-drawer-dialog Lots Of Content 1`] = `
<button
  class="btn btn--secondary"
>
  Open Drawer
</button>
`;

exports[`Storyshots ebay-drawer-dialog Opened 1`] = `
<div
  aria-hidden="true"
  data-focus-guard="true"
  style="width: 1px; height: 0px; padding: 0px; overflow: hidden; position: fixed; top: 1px; left: 1px;"
  tabindex="0"
/>
`;

exports[`Storyshots ebay-drawer-dialog With Animation 1`] = `
<button
  class="btn btn--secondary"
>
  Open Drawer
</button>
`;

exports[`Storyshots ebay-drawer-dialog Without Handle 1`] = `
<button
  class="btn btn--secondary"
>
  Open Drawer
</button>
`;
